ARM Linker, 5.03 [Build 24] [MDK-ARM Standard]

==============================================================================

Section Cross References

    app.o(.text) refers to stm32f4xx_can.o(.text) for CAN_Transmit
    app.o(.text) refers to rm_6623py.o(.text) for APP_Pitch_PID
    app.o(.text) refers to rm3510.o(.text) for RM3510_PID1
    app.o(.text) refers to rm_6623py.o(.data) for pitch_current_angle
    app.o(.text) refers to usart2.o(.data) for angle_pitch
    app.o(.text) refers to usart1.o(.data) for Push_Right_UAD
    app.o(.text) refers to rm3510.o(.data) for motor201_current_velocity
    app.o(.text) refers to main.o(.data) for a
    main.o(.text) refers to stm32f4xx_gpio.o(.text) for GPIO_ResetBits
    main.o(.text) refers to delay.o(.text) for delay_ms
    main.o(.text) refers to usart2.o(.text) for USART2_Configuration
    main.o(.text) refers to led.o(.text) for LED_Configuration
    main.o(.text) refers to usart3.o(.text) for USART3_Configuration
    main.o(.text) refers to pwm.o(.text) for PWM_Configuration
    main.o(.text) refers to timer6.o(.text) for TIM6_Configuration
    main.o(.text) refers to usart1.o(.text) for USART1_Configuration
    main.o(.text) refers to can1.o(.text) for CAN1_Configuration
    main.o(.text) refers to can2.o(.text) for CAN2_Configuration
    main.o(.text) refers to f2d.o(.text) for __aeabi_f2d
    main.o(.text) refers to cdrcmple.o(.text) for __aeabi_cdrcmple
    main.o(.text) refers to cdcmple.o(.text) for __aeabi_cdcmple
    main.o(.text) refers to usart1.o(.data) for Switch_Right
    main.o(.text) refers to main.o(.data) for count
    main.o(.text) refers to usart2.o(.data) for angle_pitch
    main.o(.text) refers to rm_6623py.o(.data) for error_gy901
    main.o(.text) refers to dflti.o(.text) for __aeabi_i2d
    main.o(.text) refers to ddiv.o(.text) for __aeabi_ddiv
    main.o(.text) refers to dadd.o(.text) for __aeabi_dsub
    main.o(.text) refers to dfixi.o(.text) for __aeabi_d2iz
    main.o(.text) refers to d2f.o(.text) for __aeabi_d2f
    main.o(.text) refers to printfa.o(i.__0printf) for __2printf
    main.o(.text) refers to main.o(.constdata) for .constdata
    rm_6623py.o(.text) refers to f2d.o(.text) for __aeabi_f2d
    rm_6623py.o(.text) refers to cdcmple.o(.text) for __aeabi_cdcmple
    rm_6623py.o(.text) refers to rm_6623py.o(.data) for error_l
    rm_6623py.o(.text) refers to usart2.o(.data) for angle_pitch
    rm3510.o(.text) refers to f2d.o(.text) for __aeabi_f2d
    rm3510.o(.text) refers to cdrcmple.o(.text) for __aeabi_cdrcmple
    rm3510.o(.text) refers to cdcmple.o(.text) for __aeabi_cdcmple
    rm3510.o(.text) refers to dflti.o(.text) for __aeabi_i2d
    rm3510.o(.text) refers to rm3510.o(.data) for rm_error_l
    can1.o(.text) refers to stm32f4xx_rcc.o(.text) for RCC_AHB1PeriphClockCmd
    can1.o(.text) refers to stm32f4xx_gpio.o(.text) for GPIO_PinAFConfig
    can1.o(.text) refers to misc.o(.text) for NVIC_Init
    can1.o(.text) refers to stm32f4xx_can.o(.text) for CAN_DeInit
    can1.o(.text) refers to can1.o(.data) for can_tx_success_flag
    usart1.o(.text) refers to stm32f4xx_rcc.o(.text) for RCC_AHB1PeriphClockCmd
    usart1.o(.text) refers to stm32f4xx_gpio.o(.text) for GPIO_PinAFConfig
    usart1.o(.text) refers to stm32f4xx_usart.o(.text) for USART_Init
    usart1.o(.text) refers to misc.o(.text) for NVIC_Init
    usart1.o(.text) refers to stm32f4xx_dma.o(.text) for DMA_DeInit
    usart1.o(.text) refers to delay.o(.text) for delay_ms
    usart1.o(.text) refers to usart1.o(.bss) for sbus_rx_buffer
    usart1.o(.text) refers to usart1.o(.data) for remote_flag
    led.o(.text) refers to stm32f4xx_rcc.o(.text) for RCC_AHB1PeriphClockCmd
    led.o(.text) refers to stm32f4xx_gpio.o(.text) for GPIO_Init
    pwm.o(.text) refers to stm32f4xx_rcc.o(.text) for RCC_AHB1PeriphClockCmd
    pwm.o(.text) refers to stm32f4xx_gpio.o(.text) for GPIO_Init
    pwm.o(.text) refers to stm32f4xx_tim.o(.text) for TIM_TimeBaseInit
    usart3.o(.text) refers to stm32f4xx_rcc.o(.text) for RCC_AHB1PeriphClockCmd
    usart3.o(.text) refers to stm32f4xx_gpio.o(.text) for GPIO_PinAFConfig
    usart3.o(.text) refers to stm32f4xx_usart.o(.text) for USART_Init
    usart3.o(.text) refers to misc.o(.text) for NVIC_Init
    usart3.o(.text) refers to usart3.o(.data) for Rx_data
    timer6.o(.text) refers to stm32f4xx_rcc.o(.text) for RCC_APB1PeriphClockCmd
    timer6.o(.text) refers to misc.o(.text) for NVIC_Init
    timer6.o(.text) refers to stm32f4xx_tim.o(.text) for TIM_TimeBaseInit
    timer6.o(.text) refers to dflti.o(.text) for __aeabi_i2d
    timer6.o(.text) refers to dadd.o(.text) for __aeabi_dadd
    timer6.o(.text) refers to dfixi.o(.text) for __aeabi_d2iz
    timer6.o(.text) refers to timer6.o(.data) for Pwm
    timer6.o(.text) refers to usart1.o(.data) for Switch_Right
    usart2.o(.text) refers to stm32f4xx_rcc.o(.text) for RCC_AHB1PeriphClockCmd
    usart2.o(.text) refers to stm32f4xx_gpio.o(.text) for GPIO_PinAFConfig
[...]
    Local Symbols

    Symbol Name                              Value     Ov Type        Size  Object(Section)

    ../clib/../cmprslib/zerorunl2.c          0x00000000   Number         0  __dczerorl2.o ABSOLUTE
    ../clib/microlib/division.c              0x00000000   Number         0  uidiv.o ABSOLUTE
    ../clib/microlib/division.c              0x00000000   Number         0  uldiv.o ABSOLUTE
    ../clib/microlib/init/entry.s            0x00000000   Number         0  entry2.o ABSOLUTE
    ../clib/microlib/init/entry.s            0x00000000   Number         0  entry10b.o ABSOLUTE
    ../clib/microlib/init/entry.s            0x00000000   Number         0  entry11b.o ABSOLUTE
    ../clib/microlib/init/entry.s            0x00000000   Number         0  entry9b.o ABSOLUTE
    ../clib/microlib/init/entry.s            0x00000000   Number         0  entry.o ABSOLUTE
    ../clib/microlib/init/entry.s            0x00000000   Number         0  entry5.o ABSOLUTE
    ../clib/microlib/init/entry.s            0x00000000   Number         0  entry11a.o ABSOLUTE
    ../clib/microlib/init/entry.s            0x00000000   Number         0  entry7a.o ABSOLUTE
    ../clib/microlib/init/entry.s            0x00000000   Number         0  entry7b.o ABSOLUTE
    ../clib/microlib/init/entry.s            0x00000000   Number         0  entry8a.o ABSOLUTE
    ../clib/microlib/init/entry.s            0x00000000   Number         0  entry8b.o ABSOLUTE
    ../clib/microlib/init/entry.s            0x00000000   Number         0  entry9a.o ABSOLUTE
    ../clib/microlib/init/entry.s            0x00000000   Number         0  entry10a.o ABSOLUTE
    ../clib/microlib/longlong.c              0x00000000   Number         0  llshl.o ABSOLUTE
    ../clib/microlib/longlong.c              0x00000000   Number         0  llushr.o ABSOLUTE
    ../clib/microlib/longlong.c              0x00000000   Number         0  llsshr.o ABSOLUTE
    ../clib/microlib/printf/printf.c         0x00000000   Number         0  printf7.o ABSOLUTE
    ../clib/microlib/printf/printf.c         0x00000000   Number         0  printf6.o ABSOLUTE
    ../clib/microlib/printf/printf.c         0x00000000   Number         0  printf5.o ABSOLUTE
    ../clib/microlib/printf/printf.c         0x00000000   Number         0  printf4.o ABSOLUTE
    ../clib/microlib/printf/printf.c         0x00000000   Number         0  printf3.o ABSOLUTE
    ../clib/microlib/printf/printf.c         0x00000000   Number         0  printf2.o ABSOLUTE
    ../clib/microlib/printf/printf.c         0x00000000   Number         0  printf1.o ABSOLUTE
    ../clib/microlib/printf/printf.c         0x00000000   Number         0  printf0.o ABSOLUTE
    ../clib/microlib/printf/printf.c         0x00000000   Number         0  printfb.o ABSOLUTE
    ../clib/microlib/printf/printf.c         0x00000000   Number         0  printfa.o ABSOLUTE
    ../clib/microlib/printf/printf.c         0x00000000   Number         0  printf8.o ABSOLUTE
    ../clib/microlib/printf/stubs.s          0x00000000   Number         0  stubs.o ABSOLUTE
    ../clib/microlib/stdio/streams.c         0x00000000   Number         0  stdout.o ABSOLUTE
    ../clib/microlib/stubs.s                 0x00000000   Number         0  iusefp.o ABSOLUTE
    ../fplib/microlib/d2f.c                  0x00000000   Number         0  d2f.o ABSOLUTE
    ../fplib/microlib/f2d.c                  0x00000000   Number         0  f2d.o ABSOLUTE
    ../fplib/microlib/fpadd.c                0x00000000   Number         0  dadd.o ABSOLUTE
    ../fplib/microlib/fpdiv.c                0x00000000   Number         0  ddiv.o ABSOLUTE
    ../fplib/microlib/fpepilogue.c           0x00000000   Number         0  fepilogue.o ABSOLUTE
    ../fplib/microlib/fpepilogue.c           0x00000000   Number         0  depilogue.o ABSOLUTE
    ../fplib/microlib/fpfix.c                0x00000000   Number         0  dfixi.o ABSOLUTE
    ../fplib/microlib/fpfix.c                0x00000000   Number         0  dfixul.o ABSOLUTE
    ../fplib/microlib/fpflt.c                0x00000000   Number         0  dflti.o ABSOLUTE
    ../fplib/microlib/fpmul.c                0x00000000   Number         0  dmul.o ABSOLUTE
    ..\BSP\can1.c                            0x00000000   Number         0  can1.o ABSOLUTE
    ..\BSP\can2.c                            0x00000000   Number         0  can2.o ABSOLUTE
    ..\BSP\delay.c                           0x00000000   Number         0  delay.o ABSOLUTE
    ..\BSP\led.c                             0x00000000   Number         0  led.o ABSOLUTE
    ..\BSP\pwm.c                             0x00000000   Number         0  pwm.o ABSOLUTE
    ..\BSP\timer6.c                          0x00000000   Number         0  timer6.o ABSOLUTE
    ..\BSP\usart1.c                          0x00000000   Number         0  usart1.o ABSOLUTE
    ..\BSP\usart2.c                          0x00000000   Number         0  usart2.o ABSOLUTE
    ..\BSP\usart3.c                          0x00000000   Number         0  usart3.o ABSOLUTE
    ..\Libraries\misc.c                      0x00000000   Number         0  misc.o ABSOLUTE
    ..\Libraries\startup_stm32f427xx.s       0x00000000   Number         0  startup_stm32f427xx.o ABSOLUTE
    ..\Libraries\stm32f4xx_can.c             0x00000000   Number         0  stm32f4xx_can.o ABSOLUTE
    ..\Libraries\stm32f4xx_dma.c             0x00000000   Number         0  stm32f4xx_dma.o ABSOLUTE
    ..\Libraries\stm32f4xx_exti.c            0x00000000   Number         0  stm32f4xx_exti.o ABSOLUTE
    ..\Libraries\stm32f4xx_flash.c           0x00000000   Number         0  stm32f4xx_flash.o ABSOLUTE
    ..\Libraries\stm32f4xx_gpio.c            0x00000000   Number         0  stm32f4xx_gpio.o ABSOLUTE
    ..\Libraries\stm32f4xx_i2c.c             0x00000000   Number         0  stm32f4xx_i2c.o ABSOLUTE
    ..\Libraries\stm32f4xx_rcc.c             0x00000000   Number         0  stm32f4xx_rcc.o ABSOLUTE
    ..\Libraries\stm32f4xx_syscfg.c          0x00000000   Number         0  stm32f4xx_syscfg.o ABSOLUTE
    ..\Libraries\stm32f4xx_tim.c             0x00000000   Number         0  stm32f4xx_tim.o ABSOLUTE
    ..\Libraries\stm32f4xx_usart.c           0x00000000   Number         0  stm32f4xx_usart.o ABSOLUTE
    ..\Libraries\stm32f4xx_wwdg.c            0x00000000   Number         0  stm32f4xx_wwdg.o ABSOLUTE
    ..\Libraries\system_stm32f4xx.c          0x00000000   Number         0  system_stm32f4xx.o ABSOLUTE
    ..\User\RM_6623PY.c                      0x00000000   Number         0  rm_6623py.o ABSOLUTE
    ..\User\app.c                            0x00000000   Number         0  app.o ABSOLUTE
    ..\User\global_varialbe.c                0x00000000   Number         0  global_varialbe.o ABSOLUTE
    ..\User\main.c                           0x00000000   Number         0  main.o ABSOLUTE
    ..\User\rm3510.c                         0x00000000   Number         0  rm3510.o ABSOLUTE
    ..\User\stm32f4xx_it.c                   0x00000000   Number         0  stm32f4xx_it.o ABSOLUTE
    ..\\BSP\\can1.c                          0x00000000   Number         0  can1.o ABSOLUTE
    ..\\BSP\\can2.c                          0x00000000   Number         0  can2.o ABSOLUTE
    ..\\BSP\\delay.c                         0x00000000   Number         0  delay.o ABSOLUTE
    ..\\BSP\\led.c                           0x00000000   Number         0  led.o ABSOLUTE
    ..\\BSP\\pwm.c                           0x00000000   Number         0  pwm.o ABSOLUTE
    ..\\BSP\\timer6.c                        0x00000000   Number         0  timer6.o ABSOLUTE
    ..\\BSP\\usart1.c                        0x00000000   Number         0  usart1.o ABSOLUTE
    ..\\BSP\\usart2.c                        0x00000000   Number         0  usart2.o ABSOLUTE
    ..\\BSP\\usart3.c                        0x00000000   Number         0  usart3.o ABSOLUTE
    ..\\Libraries\\misc.c                    0x00000000   Number         0  misc.o ABSOLUTE
    ..\\Libraries\\stm32f4xx_can.c           0x00000000   Number         0  stm32f4xx_can.o ABSOLUTE
    ..\\Libraries\\stm32f4xx_dma.c           0x00000000   Number         0  stm32f4xx_dma.o ABSOLUTE
    ..\\Libraries\\stm32f4xx_exti.c          0x00000000   Number         0  stm32f4xx_exti.o ABSOLUTE
    ..\\Libraries\\stm32f4xx_flash.c         0x00000000   Number         0  stm32f4xx_flash.o ABSOLUTE
    ..\\Libraries\\stm32f4xx_gpio.c          0x00000000   Number         0  stm32f4xx_gpio.o ABSOLUTE
    ..\\Libraries\\stm32f4xx_i2c.c           0x00000000   Number         0  stm32f4xx_i2c.o ABSOLUTE
    ..\\Libraries\\stm32f4xx_rcc.c           0x00000000   Number         0  stm32f4xx_rcc.o ABSOLUTE
    ..\\Libraries\\stm32f4xx_syscfg.c        0x00000000   Number         0  stm32f4xx_syscfg.o ABSOLUTE
    ..\\Libraries\\stm32f4xx_tim.c           0x00000000   Number         0  stm32f4xx_tim.o ABSOLUTE
    ..\\Libraries\\stm32f4xx_usart.c         0x00000000   Number         0  stm32f4xx_usart.o ABSOLUTE
    ..\\Libraries\\stm32f4xx_wwdg.c          0x00000000   Number         0  stm32f4xx_wwdg.o ABSOLUTE
    ..\\Libraries\\system_stm32f4xx.c        0x00000000   Number         0  system_stm32f4xx.o ABSOLUTE
    ..\\User\\RM_6623PY.c                    0x00000000   Number         0  rm_6623py.o ABSOLUTE
    ..\\User\\app.c                          0x00000000   Number         0  app.o ABSOLUTE
    ..\\User\\global_varialbe.c              0x00000000   Number         0  global_varialbe.o ABSOLUTE
    ..\\User\\main.c                         0x00000000   Number         0  main.o ABSOLUTE
    ..\\User\\rm3510.c                       0x00000000   Number         0  rm3510.o ABSOLUTE
    ..\\User\\stm32f4xx_it.c                 0x00000000   Number         0  stm32f4xx_it.o ABSOLUTE
    cdcmple.s                                0x00000000   Number         0  cdcmple.o ABSOLUTE
    cdrcmple.s                               0x00000000   Number         0  cdrcmple.o ABSOLUTE
    dc.s                                     0x00000000   Number         0  dc.o ABSOLUTE
    handlers.s                               0x00000000   Number         0  handlers.o ABSOLUTE
    init.s                                   0x00000000   Number         0  init.o ABSOLUTE
    RESET                                    0x08000000   Section      428  startup_stm32f427xx.o(RESET)
    .ARM.Collect$$$$00000000                 0x080001ac   Section        0  entry.o(.ARM.Collect$$$$00000000)
    .ARM.Collect$$$$00000001                 0x080001ac   Section        4  entry2.o(.ARM.Collect$$$$00000001)
    .ARM.Collect$$$$00000004                 0x080001b0   Section        4  entry5.o(.ARM.Collect$$$$00000004)
    .ARM.Collect$$$$00000008                 0x080001b4   Section        0  entry7b.o(.ARM.Collect$$$$00000008)
    .ARM.Collect$$$$0000000A                 0x080001b4   Section        0  entry8b.o(.ARM.Collect$$$$0000000A)
    .ARM.Collect$$$$0000000B                 0x080001b4   Section        8  entry9a.o(.ARM.Collect$$$$0000000B)
    .ARM.Collect$$$$0000000D                 0x080001bc   Section        0  entry10a.o(.ARM.Collect$$$$0000000D)
    .ARM.Collect$$$$0000000F                 0x080001bc   Section        0  entry11a.o(.ARM.Collect$$$$0000000F)
    .ARM.Collect$$$$00002712                 0x080001bc   Section        4  entry2.o(.ARM.Collect$$$$00002712)
    __lit__00000000                          0x080001bc   Data           4  entry2.o(.ARM.Collect$$$$00002712)
    .text                                    0x080001c0   Section        0  stm32f4xx_it.o(.text)
    .text                                    0x080001e0   Section        0  app.o(.text)
    .text                                    0x08000500   Section        0  main.o(.text)
    .text                                    0x08000f80   Section        0  rm_6623py.o(.text)
    .text                                    0x08001918   Section        0  rm3510.o(.text)
    .text                                    0x08002508   Section        0  can1.o(.text)
    .text                                    0x08002638   Section        0  usart1.o(.text)
    .text                                    0x0800298c   Section        0  delay.o(.text)
    .text                                    0x080029c4   Section        0  led.o(.text)
    .text                                    0x08002a28   Section        0  pwm.o(.text)
    .text                                    0x08002bdc   Section        0  usart3.o(.text)
    .text                                    0x08002cf4   Section        0  timer6.o(.text)
    .text                                    0x08002e58   Section        0  usart2.o(.text)
    .text                                    0x080031f8   Section        0  can2.o(.text)
    .text                                    0x08003310   Section        0  misc.o(.text)
    .text                                    0x080033f4   Section        0  stm32f4xx_tim.o(.text)
    TI4_Config                               0x08003b93   Thumb Code    80  stm32f4xx_tim.o(.text)
    TI3_Config                               0x08003bf5   Thumb Code    72  stm32f4xx_tim.o(.text)
    TI2_Config                               0x08003c57   Thumb Code    90  stm32f4xx_tim.o(.text)
    TI1_Config                               0x08003cc3   Thumb Code    58  stm32f4xx_tim.o(.text)
    .text                                    0x08004098   Section        0  stm32f4xx_rcc.o(.text)
    .text                                    0x08004620   Section        0  stm32f4xx_can.o(.text)
    CheckITStatus                            0x08004e21   Thumb Code    16  stm32f4xx_can.o(.text)
    .text                                    0x08005008   Section        0  stm32f4xx_gpio.o(.text)
    .text                                    0x08005264   Section        0  stm32f4xx_usart.o(.text)
    .text                                    0x08005680   Section        0  system_stm32f4xx.o(.text)
    SetSysClock                              0x08005681   Thumb Code   206  system_stm32f4xx.o(.text)
    .text                                    0x08005840   Section        0  stm32f4xx_dma.o(.text)
    .text                                    0x08005be4   Section       36  startup_stm32f427xx.o(.text)
    $v0                                      0x08005be4   Number         0  startup_stm32f427xx.o(.text)
    .text                                    0x08005c08   Section        0  dadd.o(.text)
    .text                                    0x08005d56   Section        0  dmul.o(.text)
    .text                                    0x08005e3a   Section        0  ddiv.o(.text)
    .text                                    0x08005f18   Section        0  dflti.o(.text)
    .text                                    0x08005f3a   Section        0  dfixi.o(.text)
    .text                                    0x08005f78   Section        0  f2d.o(.text)
    .text                                    0x08005fa0   Section       40  cdcmple.o(.text)
    .text                                    0x08005fc8   Section       40  cdrcmple.o(.text)
    .text                                    0x08005ff0   Section        0  d2f.o(.text)
    .text                                    0x08006028   Section        0  uidiv.o(.text)
    .text                                    0x08006054   Section        0  uldiv.o(.text)
    .text                                    0x080060b6   Section        0  llshl.o(.text)
    .text                                    0x080060d4   Section        0  llushr.o(.text)
    .text                                    0x080060f4   Section        0  llsshr.o(.text)
    .text                                    0x08006118   Section        0  fepilogue.o(.text)
    .text                                    0x08006118   Section        0  iusefp.o(.text)
    .text                                    0x08006184   Section        0  depilogue.o(.text)
    .text                                    0x08006242   Section        0  dfixul.o(.text)
    .text                                    0x08006274   Section       36  init.o(.text)
    .text                                    0x08006298   Section        0  __dczerorl2.o(.text)
    i.__0printf                              0x080062f4   Section        0  printfa.o(i.__0printf)
    i.__scatterload_copy                     0x08006314   Section       14  handlers.o(i.__scatterload_copy)
    i.__scatterload_null                     0x08006322   Section        2  handlers.o(i.__scatterload_null)
    i.__scatterload_zeroinit                 0x08006324   Section       14  handlers.o(i.__scatterload_zeroinit)
    i._fp_digits                             0x08006334   Section        0  printfa.o(i._fp_digits)
    _fp_digits                               0x08006335   Thumb Code   326  printfa.o(i._fp_digits)
    i._printf_core                           0x08006490   Section        0  printfa.o(i._printf_core)
    _printf_core                             0x08006491   Thumb Code  1762  printfa.o(i._printf_core)
    i._printf_post_padding                   0x08006b80   Section        0  printfa.o(i._printf_post_padding)
    _printf_post_padding                     0x08006b81   Thumb Code    38  printfa.o(i._printf_post_padding)
    i._printf_pre_padding                    0x08006ba6   Section        0  printfa.o(i._printf_pre_padding)
    _printf_pre_padding                      0x08006ba7   Thumb Code    48  printfa.o(i._printf_pre_padding)
    .constdata                               0x08006bd8   Section       80  main.o(.constdata)
    .data                                    0x20000000   Section       36  main.o(.data)
    gy901_angle                              0x20000010   Data           4  main.o(.data)
    speed_pitch                              0x20000014   Data           4  main.o(.data)
    count                                    0x20000018   Data           1  main.o(.data)
    times                                    0x20000019   Data           1  main.o(.data)
    key                                      0x2000001c   Data           4  main.o(.data)
    key                                      0x20000020   Data           4  main.o(.data)
    .data                                    0x20000024   Section      228  rm_6623py.o(.data)
    Pitch_speed                              0x20000090   Data           4  rm_6623py.o(.data)
    Yaw_speed                                0x20000094   Data           4  rm_6623py.o(.data)
    error_v                                  0x20000098   Data           8  rm_6623py.o(.data)
    output                                   0x200000a0   Data           4  rm_6623py.o(.data)
    inte                                     0x200000a4   Data           4  rm_6623py.o(.data)
    error_l                                  0x200000a8   Data           8  rm_6623py.o(.data)
    output                                   0x200000b0   Data           4  rm_6623py.o(.data)
    inte                                     0x200000b4   Data           4  rm_6623py.o(.data)
    error_l                                  0x200000b8   Data           8  rm_6623py.o(.data)
    output                                   0x200000c0   Data           4  rm_6623py.o(.data)
    inte                                     0x200000c4   Data           4  rm_6623py.o(.data)
    error_l                                  0x200000c8   Data           4  rm_6623py.o(.data)
    output                                   0x200000cc   Data           4  rm_6623py.o(.data)
    inte                                     0x200000d0   Data           4  rm_6623py.o(.data)
    error_l                                  0x200000d4   Data           8  rm_6623py.o(.data)
    output                                   0x200000dc   Data           4  rm_6623py.o(.data)
    inte                                     0x200000e0   Data           4  rm_6623py.o(.data)
    error_l                                  0x200000e4   Data           8  rm_6623py.o(.data)
    output                                   0x200000ec   Data           4  rm_6623py.o(.data)
    inte                                     0x200000f0   Data           4  rm_6623py.o(.data)
    .data                                    0x20000108   Section      200  rm3510.o(.data)
    speed                                    0x20000150   Data           4  rm3510.o(.data)
    speed                                    0x20000154   Data           4  rm3510.o(.data)
    speed                                    0x20000158   Data           4  rm3510.o(.data)
    speed                                    0x2000015c   Data           4  rm3510.o(.data)
    rm_error_l                               0x20000160   Data           8  rm3510.o(.data)
    rm_output                                0x20000168   Data           4  rm3510.o(.data)
    rm_inte                                  0x2000016c   Data           4  rm3510.o(.data)
    rm_error_l                               0x20000170   Data           8  rm3510.o(.data)
    rm_output                                0x20000178   Data           4  rm3510.o(.data)
    rm_inte                                  0x2000017c   Data           4  rm3510.o(.data)
    rm_error_l                               0x20000180   Data           8  rm3510.o(.data)
    rm_output                                0x20000188   Data           4  rm3510.o(.data)
    rm_inte                                  0x2000018c   Data           4  rm3510.o(.data)
    rm_error_l                               0x20000190   Data           8  rm3510.o(.data)
    rm_output                                0x20000198   Data           4  rm3510.o(.data)
    rm_inte                                  0x2000019c   Data           4  rm3510.o(.data)
    rm_error_v                               0x200001a0   Data           8  rm3510.o(.data)
    rm_output                                0x200001a8   Data           4  rm3510.o(.data)
    rm_error_v                               0x200001ac   Data           8  rm3510.o(.data)
    rm_output                                0x200001b4   Data           4  rm3510.o(.data)
    rm_error_v                               0x200001b8   Data           8  rm3510.o(.data)
    rm_output                                0x200001c0   Data           4  rm3510.o(.data)
    rm_error_v                               0x200001c4   Data           8  rm3510.o(.data)
    rm_output                                0x200001cc   Data           4  rm3510.o(.data)
    .data                                    0x200001d0   Section        1  can1.o(.data)
    .data                                    0x200001d4   Section       42  usart1.o(.data)
    .data                                    0x200001fe   Section        1  usart3.o(.data)
    .data                                    0x20000200   Section       12  timer6.o(.data)
    num                                      0x20000200   Data           4  timer6.o(.data)
    sign                                     0x20000204   Data           1  timer6.o(.data)
    .data                                    0x2000020c   Section       40  usart2.o(.data)
    .data                                    0x20000234   Section       16  stm32f4xx_rcc.o(.data)
    APBAHBPrescTable                         0x20000234   Data          16  stm32f4xx_rcc.o(.data)
    .data                                    0x20000244   Section       20  system_stm32f4xx.o(.data)
    .data                                    0x20000258   Section        4  stdout.o(.data)
    .bss                                     0x2000025c   Section       88  usart1.o(.bss)
    .bss                                     0x200002b4   Section       33  usart2.o(.bss)
    STACK                                    0x200002d8   Section     1024  startup_stm32f427xx.o(STACK)

    Global Symbols

    Symbol Name                              Value     Ov Type        Size  Object(Section)

    BuildAttributes$$THM_ISAv4$E$P$D$K$B$S$7EM$VFPi3$EXTD16$VFPS$VFMA$PE$A:L22UL41UL21$X:L11$S22US41US21$IEEE1$IW$USESV6$~STKCKD$USESV7$~SHL$OTIME$ROPI$EBA8$MICROLIB$REQ8$PRES8$EABIv2 0x00000000   Number         0  anon$$obj.o ABSOLUTE
    __ARM_use_no_argv                        0x00000000   Number         0  main.o ABSOLUTE
    _printf_a                                0x00000000   Number         0  stubs.o ABSOLUTE
    _printf_c                                0x00000000   Number         0  stubs.o ABSOLUTE
    _printf_charcount                        0x00000000   Number         0  stubs.o ABSOLUTE
    _printf_d                                0x00000000   Number         0  stubs.o ABSOLUTE
    _printf_e                                0x00000000   Number         0  stubs.o ABSOLUTE
    _printf_f                                0x00000000   Number         0  stubs.o ABSOLUTE
    _printf_flags                            0x00000000   Number         0  stubs.o ABSOLUTE
    _printf_fp_dec                           0x00000000   Number         0  stubs.o ABSOLUTE
    _printf_fp_hex                           0x00000000   Number         0  stubs.o ABSOLUTE
    _printf_g                                0x00000000   Number         0  stubs.o ABSOLUTE
    _printf_i                                0x00000000   Number         0  stubs.o ABSOLUTE
    _printf_int_dec                          0x00000000   Number         0  stubs.o ABSOLUTE
    _printf_l                                0x00000000   Number         0  stubs.o ABSOLUTE
    _printf_lc                               0x00000000   Number         0  stubs.o ABSOLUTE
    _printf_ll                               0x00000000   Number         0  stubs.o ABSOLUTE
    _printf_lld                              0x00000000   Number         0  stubs.o ABSOLUTE
    _printf_lli                              0x00000000   Number         0  stubs.o ABSOLUTE
    _printf_llo                              0x00000000   Number         0  stubs.o ABSOLUTE
    _printf_llu                              0x00000000   Number         0  stubs.o ABSOLUTE
    _printf_llx                              0x00000000   Number         0  stubs.o ABSOLUTE
    _printf_longlong_dec                     0x00000000   Number         0  stubs.o ABSOLUTE
    _printf_longlong_hex                     0x00000000   Number         0  stubs.o ABSOLUTE
    _printf_longlong_oct                     0x00000000   Number         0  stubs.o ABSOLUTE
    _printf_ls                               0x00000000   Number         0  stubs.o ABSOLUTE
    _printf_mbtowc                           0x00000000   Number         0  stubs.o ABSOLUTE
    _printf_n                                0x00000000   Number         0  stubs.o ABSOLUTE
    _printf_o                                0x00000000   Number         0  stubs.o ABSOLUTE
    _printf_p                                0x00000000   Number         0  stubs.o ABSOLUTE
    _printf_percent                          0x00000000   Number         0  stubs.o ABSOLUTE
    _printf_pre_padding                      0x00000000   Number         0  stubs.o ABSOLUTE
    _printf_return_value                     0x00000000   Number         0  stubs.o ABSOLUTE
    _printf_s                                0x00000000   Number         0  stubs.o ABSOLUTE
    _printf_sizespec                         0x00000000   Number         0  stubs.o ABSOLUTE
    _printf_str                              0x00000000   Number         0  stubs.o ABSOLUTE
    _printf_truncate_signed                  0x00000000   Number         0  stubs.o ABSOLUTE
    _printf_truncate_unsigned                0x00000000   Number         0  stubs.o ABSOLUTE
    _printf_u                                0x00000000   Number         0  stubs.o ABSOLUTE
    _printf_wc                               0x00000000   Number         0  stubs.o ABSOLUTE
    _printf_wctomb                           0x00000000   Number         0  stubs.o ABSOLUTE
    _printf_widthprec                        0x00000000   Number         0  stubs.o ABSOLUTE
    _printf_x                                0x00000000   Number         0  stubs.o ABSOLUTE
    __cpp_initialize__aeabi_                  - Undefined Weak Reference
    __cxa_finalize                            - Undefined Weak Reference
    _clock_init                               - Undefined Weak Reference
    _microlib_exit                            - Undefined Weak Reference
    __Vectors_Size                           0x000001ac   Number         0  startup_stm32f427xx.o ABSOLUTE
    __Vectors                                0x08000000   Data           4  startup_stm32f427xx.o(RESET)
    __Vectors_End                            0x080001ac   Data           0  startup_stm32f427xx.o(RESET)
    __main                                   0x080001ad   Thumb Code     0  entry.o(.ARM.Collect$$$$00000000)
    _main_stk                                0x080001ad   Thumb Code     0  entry2.o(.ARM.Collect$$$$00000001)
    _main_scatterload                        0x080001b1   Thumb Code     0  entry5.o(.ARM.Collect$$$$00000004)
    __main_after_scatterload                 0x080001b5   Thumb Code     0  entry5.o(.ARM.Collect$$$$00000004)
    _main_clock                              0x080001b5   Thumb Code     0  entry7b.o(.ARM.Collect$$$$00000008)
    _main_cpp_init                           0x080001b5   Thumb Code     0  entry8b.o(.ARM.Collect$$$$0000000A)
    _main_init                               0x080001b5   Thumb Code     0  entry9a.o(.ARM.Collect$$$$0000000B)
    __rt_final_cpp                           0x080001bd   Thumb Code     0  entry10a.o(.ARM.Collect$$$$0000000D)
    __rt_final_exit                          0x080001bd   Thumb Code     0  entry11a.o(.ARM.Collect$$$$0000000F)
    SysTick_Handler                          0x080001c1   Thumb Code     2  stm32f4xx_it.o(.text)
    DMA1_Stream2_IRQHandler                  0x080001c3   Thumb Code     2  stm32f4xx_it.o(.text)
    DMA1_Stream4_IRQHandler                  0x080001c5   Thumb Code     2  stm32f4xx_it.o(.text)
    NMI_Handler                              0x080001c7   Thumb Code     2  stm32f4xx_it.o(.text)
    HardFault_Handler                        0x080001c9   Thumb Code     4  stm32f4xx_it.o(.text)
    MemManage_Handler                        0x080001cd   Thumb Code     4  stm32f4xx_it.o(.text)
    BusFault_Handler                         0x080001d1   Thumb Code     4  stm32f4xx_it.o(.text)
    UsageFault_Handler                       0x080001d5   Thumb Code     4  stm32f4xx_it.o(.text)
    SVC_Handler                              0x080001d9   Thumb Code     2  stm32f4xx_it.o(.text)
    DebugMon_Handler                         0x080001db   Thumb Code     2  stm32f4xx_it.o(.text)
    PendSV_Handler                           0x080001dd   Thumb Code     2  stm32f4xx_it.o(.text)
    Cmd_ESC                                  0x080001e1   Thumb Code    84  app.o(.text)
    RM3510_Current_Set                       0x08000235   Thumb Code    94  app.o(.text)
    CAN1_RX0_IRQHandler                      0x08000293   Thumb Code   242  app.o(.text)
    CAN2_RX0_IRQHandler                      0x08000385   Thumb Code   288  app.o(.text)
    bodan                                    0x08000501   Thumb Code    64  main.o(.text)
    bodan_mouse                              0x08000541   Thumb Code   114  main.o(.text)
    check_gy901                              0x080005b3   Thumb Code   186  main.o(.text)
    speed_keyboardb                          0x0800066d   Thumb Code   138  main.o(.text)
    speed_keyboarda                          0x080006f7   Thumb Code   140  main.o(.text)
    main                                     0x08000783   Thumb Code  1832  main.o(.text)
    Velocity_Control_Pitch                   0x08000f81   Thumb Code   250  rm_6623py.o(.text)
    Position_Control_Pitch                   0x0800107b   Thumb Code   222  rm_6623py.o(.text)
    APP_Pitch_PID                            0x08001159   Thumb Code   220  rm_6623py.o(.text)
    Velocity_Control_Yaw                     0x08001235   Thumb Code   450  rm_6623py.o(.text)
    Position_Control_Yaw                     0x080013f7   Thumb Code   268  rm_6623py.o(.text)
    APP_Yaw_PID                              0x08001503   Thumb Code   220  rm_6623py.o(.text)
    Angle_PID                                0x080015df   Thumb Code   250  rm_6623py.o(.text)
    Attitude_RatePID                         0x080016d9   Thumb Code   250  rm_6623py.o(.text)
    Pitch_PID                                0x080017d3   Thumb Code   306  rm_6623py.o(.text)
    RM3510_Electric_Control_motor1           0x08001919   Thumb Code   218  rm3510.o(.text)
    RM3510_Velocity_Control_motor1           0x080019f3   Thumb Code   238  rm3510.o(.text)
    RM3510_PID1                              0x08001ae1   Thumb Code   228  rm3510.o(.text)
    RM3510_Electric_Control_motor2           0x08001bc5   Thumb Code   218  rm3510.o(.text)
    RM3510_Velocity_Control_motor2           0x08001c9f   Thumb Code   360  rm3510.o(.text)
    RM3510_PID2                              0x08001e07   Thumb Code   228  rm3510.o(.text)
    RM3510_Electric_Control_motor3           0x08001eeb   Thumb Code   218  rm3510.o(.text)
    RM3510_Velocity_Control_motor3           0x08001fc5   Thumb Code   238  rm3510.o(.text)
    RM3510_PID3                              0x080020b3   Thumb Code   228  rm3510.o(.text)
    RM3510_Electric_Control_motor4           0x08002197   Thumb Code   330  rm3510.o(.text)
    RM3510_Velocity_Control_motor4           0x080022e1   Thumb Code   238  rm3510.o(.text)
    RM3510_PID4                              0x080023cf   Thumb Code   228  rm3510.o(.text)
    CAN1_Configuration                       0x08002509   Thumb Code   262  can1.o(.text)
    CAN1_TX_IRQHandler                       0x0800260f   Thumb Code    28  can1.o(.text)
    USART1_Configuration                     0x08002639   Thumb Code   262  usart1.o(.text)
    DMA2_Stream2_IRQHandler                  0x0800273f   Thumb Code   250  usart1.o(.text)
    Radio_Judge                              0x08002839   Thumb Code   234  usart1.o(.text)
    delay_ms                                 0x0800298d   Thumb Code    28  delay.o(.text)
    delay_us                                 0x080029a9   Thumb Code    26  delay.o(.text)
    LED_Configuration                        0x080029c5   Thumb Code    92  led.o(.text)
    PWM_Configuration                        0x08002a29   Thumb Code   418  pwm.o(.text)
    USART3_Configuration                     0x08002bdd   Thumb Code   170  usart3.o(.text)
    USART3_SendChar                          0x08002c87   Thumb Code    28  usart3.o(.text)
    fputc                                    0x08002ca3   Thumb Code    32  usart3.o(.text)
    USART3_IRQHandler                        0x08002cc3   Thumb Code    36  usart3.o(.text)
    TIM6_Configuration                       0x08002cf5   Thumb Code    68  timer6.o(.text)
    TIM6_Start                               0x08002d39   Thumb Code    38  timer6.o(.text)
    moca                                     0x08002d5f   Thumb Code   178  timer6.o(.text)
    TIM6_DAC_IRQHandler                      0x08002e11   Thumb Code    34  timer6.o(.text)
    USART2_Configuration                     0x08002e59   Thumb Code   274  usart2.o(.text)
    DMA1_Stream5_IRQHandler                  0x08002f6b   Thumb Code   584  usart2.o(.text)
    CAN2_Configuration                       0x080031f9   Thumb Code   238  can2.o(.text)
    CAN2_TX_IRQHandler                       0x080032e7   Thumb Code    28  can2.o(.text)
    NVIC_PriorityGroupConfig                 0x08003311   Thumb Code    10  misc.o(.text)
    NVIC_Init                                0x0800331b   Thumb Code   108  misc.o(.text)
    NVIC_SetVectorTable                      0x08003387   Thumb Code    14  misc.o(.text)
    NVIC_SystemLPConfig                      0x08003395   Thumb Code    34  misc.o(.text)
    SysTick_CLKSourceConfig                  0x080033b7   Thumb Code    40  misc.o(.text)
    TIM_DeInit                               0x080033f5   Thumb Code   346  stm32f4xx_tim.o(.text)
    TIM_TimeBaseInit                         0x0800354f   Thumb Code   104  stm32f4xx_tim.o(.text)
    TIM_TimeBaseStructInit                   0x080035b7   Thumb Code    18  stm32f4xx_tim.o(.text)
    TIM_PrescalerConfig                      0x080035c9   Thumb Code     6  stm32f4xx_tim.o(.text)
    TIM_CounterModeConfig                    0x080035cf   Thumb Code    18  stm32f4xx_tim.o(.text)
    TIM_SetCounter                           0x080035e1   Thumb Code     4  stm32f4xx_tim.o(.text)
    TIM_SetAutoreload                        0x080035e5   Thumb Code     4  stm32f4xx_tim.o(.text)
    TIM_GetCounter                           0x080035e9   Thumb Code     6  stm32f4xx_tim.o(.text)
    TIM_GetPrescaler                         0x080035ef   Thumb Code     6  stm32f4xx_tim.o(.text)
    TIM_UpdateDisableConfig                  0x080035f5   Thumb Code    24  stm32f4xx_tim.o(.text)
    TIM_UpdateRequestConfig                  0x0800360d   Thumb Code    24  stm32f4xx_tim.o(.text)
    TIM_ARRPreloadConfig                     0x08003625   Thumb Code    24  stm32f4xx_tim.o(.text)
    TIM_SelectOnePulseMode                   0x0800363d   Thumb Code    18  stm32f4xx_tim.o(.text)
    TIM_SetClockDivision                     0x0800364f   Thumb Code    18  stm32f4xx_tim.o(.text)
    TIM_Cmd                                  0x08003661   Thumb Code    24  stm32f4xx_tim.o(.text)
    TIM_OC1Init                              0x08003679   Thumb Code   114  stm32f4xx_tim.o(.text)
    TIM_OC2Init                              0x080036eb   Thumb Code   154  stm32f4xx_tim.o(.text)
    TIM_OC3Init                              0x08003785   Thumb Code   204  stm32f4xx_tim.o(.text)
    TIM_OC4Init                              0x08003851   Thumb Code   112  stm32f4xx_tim.o(.text)
    TIM_OCStructInit                         0x080038c1   Thumb Code    20  stm32f4xx_tim.o(.text)
    TIM_SelectOCxM                           0x080038d5   Thumb Code    86  stm32f4xx_tim.o(.text)
    TIM_SetCompare1                          0x0800392b   Thumb Code     4  stm32f4xx_tim.o(.text)
    TIM_SetCompare2                          0x0800392f   Thumb Code     4  stm32f4xx_tim.o(.text)
    TIM_SetCompare3                          0x08003933   Thumb Code     4  stm32f4xx_tim.o(.text)
    TIM_SetCompare4                          0x08003937   Thumb Code     4  stm32f4xx_tim.o(.text)
    TIM_ForcedOC1Config                      0x0800393b   Thumb Code    18  stm32f4xx_tim.o(.text)
    TIM_ForcedOC2Config                      0x0800394d   Thumb Code    26  stm32f4xx_tim.o(.text)
    TIM_ForcedOC3Config                      0x08003967   Thumb Code    18  stm32f4xx_tim.o(.text)
    TIM_ForcedOC4Config                      0x08003979   Thumb Code    26  stm32f4xx_tim.o(.text)
    TIM_OC1PreloadConfig                     0x08003993   Thumb Code    18  stm32f4xx_tim.o(.text)
    TIM_OC2PreloadConfig                     0x080039a5   Thumb Code    26  stm32f4xx_tim.o(.text)
    TIM_OC3PreloadConfig                     0x080039bf   Thumb Code    18  stm32f4xx_tim.o(.text)
    TIM_OC4PreloadConfig                     0x080039d1   Thumb Code    26  stm32f4xx_tim.o(.text)
    TIM_OC1FastConfig                        0x080039eb   Thumb Code    18  stm32f4xx_tim.o(.text)
    TIM_OC2FastConfig                        0x080039fd   Thumb Code    26  stm32f4xx_tim.o(.text)
    TIM_OC3FastConfig                        0x08003a17   Thumb Code    18  stm32f4xx_tim.o(.text)
    TIM_OC4FastConfig                        0x08003a29   Thumb Code    26  stm32f4xx_tim.o(.text)
    TIM_ClearOC1Ref                          0x08003a43   Thumb Code    18  stm32f4xx_tim.o(.text)
    TIM_ClearOC2Ref                          0x08003a55   Thumb Code    24  stm32f4xx_tim.o(.text)
    TIM_ClearOC3Ref                          0x08003a6d   Thumb Code    18  stm32f4xx_tim.o(.text)
    TIM_ClearOC4Ref                          0x08003a7f   Thumb Code    24  stm32f4xx_tim.o(.text)
    TIM_OC1PolarityConfig                    0x08003a97   Thumb Code    18  stm32f4xx_tim.o(.text)
    TIM_OC1NPolarityConfig                   0x08003aa9   Thumb Code    18  stm32f4xx_tim.o(.text)
    TIM_OC2PolarityConfig                    0x08003abb   Thumb Code    26  stm32f4xx_tim.o(.text)
    TIM_OC2NPolarityConfig                   0x08003ad5   Thumb Code    26  stm32f4xx_tim.o(.text)
    TIM_OC3PolarityConfig                    0x08003aef   Thumb Code    26  stm32f4xx_tim.o(.text)
    TIM_OC3NPolarityConfig                   0x08003b09   Thumb Code    26  stm32f4xx_tim.o(.text)
    TIM_OC4PolarityConfig                    0x08003b23   Thumb Code    26  stm32f4xx_tim.o(.text)
    TIM_CCxCmd                               0x08003b3d   Thumb Code    30  stm32f4xx_tim.o(.text)
    TIM_CCxNCmd                              0x08003b5b   Thumb Code    30  stm32f4xx_tim.o(.text)
    TIM_SetIC4Prescaler                      0x08003b79   Thumb Code    26  stm32f4xx_tim.o(.text)
    TIM_SetIC3Prescaler                      0x08003be3   Thumb Code    18  stm32f4xx_tim.o(.text)
    TIM_SetIC2Prescaler                      0x08003c3d   Thumb Code    26  stm32f4xx_tim.o(.text)
    TIM_SetIC1Prescaler                      0x08003cb1   Thumb Code    18  stm32f4xx_tim.o(.text)
    TIM_ICInit                               0x08003cfd   Thumb Code   110  stm32f4xx_tim.o(.text)
    TIM_ICStructInit                         0x08003d6b   Thumb Code    18  stm32f4xx_tim.o(.text)
    TIM_PWMIConfig                           0x08003d7d   Thumb Code   124  stm32f4xx_tim.o(.text)
    TIM_GetCapture1                          0x08003df9   Thumb Code     6  stm32f4xx_tim.o(.text)
    TIM_GetCapture2                          0x08003dff   Thumb Code     6  stm32f4xx_tim.o(.text)
    TIM_GetCapture3                          0x08003e05   Thumb Code     6  stm32f4xx_tim.o(.text)
    TIM_GetCapture4                          0x08003e0b   Thumb Code     6  stm32f4xx_tim.o(.text)
    TIM_BDTRConfig                           0x08003e11   Thumb Code    32  stm32f4xx_tim.o(.text)
    TIM_BDTRStructInit                       0x08003e31   Thumb Code    18  stm32f4xx_tim.o(.text)
    TIM_CtrlPWMOutputs                       0x08003e43   Thumb Code    30  stm32f4xx_tim.o(.text)
    TIM_SelectCOM                            0x08003e61   Thumb Code    24  stm32f4xx_tim.o(.text)
    TIM_CCPreloadControl                     0x08003e79   Thumb Code    24  stm32f4xx_tim.o(.text)
    TIM_ITConfig                             0x08003e91   Thumb Code    18  stm32f4xx_tim.o(.text)
    TIM_GenerateEvent                        0x08003ea3   Thumb Code     4  stm32f4xx_tim.o(.text)
    TIM_GetFlagStatus                        0x08003ea7   Thumb Code    18  stm32f4xx_tim.o(.text)
    TIM_ClearFlag                            0x08003eb9   Thumb Code     6  stm32f4xx_tim.o(.text)
    TIM_GetITStatus                          0x08003ebf   Thumb Code    34  stm32f4xx_tim.o(.text)
    TIM_ClearITPendingBit                    0x08003ee1   Thumb Code     6  stm32f4xx_tim.o(.text)
    TIM_DMAConfig                            0x08003ee7   Thumb Code    10  stm32f4xx_tim.o(.text)
    TIM_DMACmd                               0x08003ef1   Thumb Code    18  stm32f4xx_tim.o(.text)
    TIM_SelectCCDMA                          0x08003f03   Thumb Code    24  stm32f4xx_tim.o(.text)
    TIM_InternalClockConfig                  0x08003f1b   Thumb Code    12  stm32f4xx_tim.o(.text)
    TIM_SelectInputTrigger                   0x08003f27   Thumb Code    18  stm32f4xx_tim.o(.text)
    TIM_ITRxExternalClockConfig              0x08003f39   Thumb Code    24  stm32f4xx_tim.o(.text)
    TIM_TIxExternalClockConfig               0x08003f51   Thumb Code    62  stm32f4xx_tim.o(.text)
    TIM_ETRConfig                            0x08003f8f   Thumb Code    28  stm32f4xx_tim.o(.text)
    TIM_ETRClockMode1Config                  0x08003fab   Thumb Code    54  stm32f4xx_tim.o(.text)
    TIM_ETRClockMode2Config                  0x08003fe1   Thumb Code    32  stm32f4xx_tim.o(.text)
    TIM_SelectOutputTrigger                  0x08004001   Thumb Code    18  stm32f4xx_tim.o(.text)
    TIM_SelectSlaveMode                      0x08004013   Thumb Code    18  stm32f4xx_tim.o(.text)
    TIM_SelectMasterSlaveMode                0x08004025   Thumb Code    18  stm32f4xx_tim.o(.text)
    TIM_EncoderInterfaceConfig               0x08004037   Thumb Code    66  stm32f4xx_tim.o(.text)
    TIM_SelectHallSensor                     0x08004079   Thumb Code    24  stm32f4xx_tim.o(.text)
    TIM_RemapConfig                          0x08004091   Thumb Code     6  stm32f4xx_tim.o(.text)
    RCC_DeInit                               0x08004099   Thumb Code    60  stm32f4xx_rcc.o(.text)
    RCC_HSEConfig                            0x080040d5   Thumb Code    14  stm32f4xx_rcc.o(.text)
    RCC_GetFlagStatus                        0x080040e3   Thumb Code    60  stm32f4xx_rcc.o(.text)
    RCC_WaitForHSEStartUp                    0x0800411f   Thumb Code    56  stm32f4xx_rcc.o(.text)
    RCC_AdjustHSICalibrationValue            0x08004157   Thumb Code    20  stm32f4xx_rcc.o(.text)
    RCC_HSICmd                               0x0800416b   Thumb Code     6  stm32f4xx_rcc.o(.text)
    RCC_LSEConfig                            0x08004171   Thumb Code    46  stm32f4xx_rcc.o(.text)
    RCC_LSICmd                               0x0800419f   Thumb Code     6  stm32f4xx_rcc.o(.text)
    RCC_PLLConfig                            0x080041a5   Thumb Code    32  stm32f4xx_rcc.o(.text)
    RCC_PLLCmd                               0x080041c5   Thumb Code     6  stm32f4xx_rcc.o(.text)
    RCC_PLLI2SConfig                         0x080041cb   Thumb Code    14  stm32f4xx_rcc.o(.text)
    RCC_PLLI2SCmd                            0x080041d9   Thumb Code     6  stm32f4xx_rcc.o(.text)
    RCC_ClockSecuritySystemCmd               0x080041df   Thumb Code     6  stm32f4xx_rcc.o(.text)
    RCC_MCO1Config                           0x080041e5   Thumb Code    28  stm32f4xx_rcc.o(.text)
    RCC_MCO2Config                           0x08004201   Thumb Code    28  stm32f4xx_rcc.o(.text)
    RCC_SYSCLKConfig                         0x0800421d   Thumb Code    20  stm32f4xx_rcc.o(.text)
    RCC_GetSYSCLKSource                      0x08004231   Thumb Code    12  stm32f4xx_rcc.o(.text)
    RCC_HCLKConfig                           0x0800423d   Thumb Code    20  stm32f4xx_rcc.o(.text)
    RCC_PCLK1Config                          0x08004251   Thumb Code    20  stm32f4xx_rcc.o(.text)
    RCC_PCLK2Config                          0x08004265   Thumb Code    22  stm32f4xx_rcc.o(.text)
    RCC_GetClocksFreq                        0x0800427b   Thumb Code   222  stm32f4xx_rcc.o(.text)
    RCC_RTCCLKConfig                         0x08004359   Thumb Code    54  stm32f4xx_rcc.o(.text)
    RCC_RTCCLKCmd                            0x0800438f   Thumb Code     8  stm32f4xx_rcc.o(.text)
    RCC_BackupResetCmd                       0x08004397   Thumb Code     8  stm32f4xx_rcc.o(.text)
    RCC_I2SCLKConfig                         0x0800439f   Thumb Code     6  stm32f4xx_rcc.o(.text)
    RCC_AHB1PeriphClockCmd                   0x080043a5   Thumb Code    34  stm32f4xx_rcc.o(.text)
    RCC_AHB2PeriphClockCmd                   0x080043c7   Thumb Code    34  stm32f4xx_rcc.o(.text)
    RCC_AHB3PeriphClockCmd                   0x080043e9   Thumb Code    34  stm32f4xx_rcc.o(.text)
    RCC_APB1PeriphClockCmd                   0x0800440b   Thumb Code    34  stm32f4xx_rcc.o(.text)
    RCC_APB2PeriphClockCmd                   0x0800442d   Thumb Code    34  stm32f4xx_rcc.o(.text)
    RCC_AHB1PeriphResetCmd                   0x0800444f   Thumb Code    34  stm32f4xx_rcc.o(.text)
    RCC_AHB2PeriphResetCmd                   0x08004471   Thumb Code    72  stm32f4xx_rcc.o(.text)
    RCC_AHB3PeriphResetCmd                   0x080044b9   Thumb Code    34  stm32f4xx_rcc.o(.text)
    RCC_APB1PeriphResetCmd                   0x080044db   Thumb Code    34  stm32f4xx_rcc.o(.text)
    RCC_APB2PeriphResetCmd                   0x080044fd   Thumb Code    34  stm32f4xx_rcc.o(.text)
    RCC_AHB1PeriphClockLPModeCmd             0x0800451f   Thumb Code    34  stm32f4xx_rcc.o(.text)
    RCC_AHB2PeriphClockLPModeCmd             0x08004541   Thumb Code    34  stm32f4xx_rcc.o(.text)
    RCC_AHB3PeriphClockLPModeCmd             0x08004563   Thumb Code    34  stm32f4xx_rcc.o(.text)
    RCC_APB1PeriphClockLPModeCmd             0x08004585   Thumb Code    34  stm32f4xx_rcc.o(.text)
    RCC_APB2PeriphClockLPModeCmd             0x080045a7   Thumb Code    34  stm32f4xx_rcc.o(.text)
    RCC_ITConfig                             0x080045c9   Thumb Code    34  stm32f4xx_rcc.o(.text)
    RCC_ClearFlag                            0x080045eb   Thumb Code    18  stm32f4xx_rcc.o(.text)
    RCC_GetITStatus                          0x080045fd   Thumb Code    22  stm32f4xx_rcc.o(.text)
    RCC_ClearITPendingBit                    0x08004613   Thumb Code     8  stm32f4xx_rcc.o(.text)
    CAN_DeInit                               0x08004621   Thumb Code    50  stm32f4xx_can.o(.text)
    CAN_Init                                 0x08004653   Thumb Code   276  stm32f4xx_can.o(.text)
    CAN_FilterInit                           0x08004767   Thumb Code   258  stm32f4xx_can.o(.text)
    CAN_StructInit                           0x08004869   Thumb Code    32  stm32f4xx_can.o(.text)
    CAN_SlaveStartBank                       0x08004889   Thumb Code    48  stm32f4xx_can.o(.text)
    CAN_DBGFreeze                            0x080048b9   Thumb Code    22  stm32f4xx_can.o(.text)
    CAN_TTComModeCmd                         0x080048cf   Thumb Code   118  stm32f4xx_can.o(.text)
    CAN_Transmit                             0x08004945   Thumb Code   304  stm32f4xx_can.o(.text)
    CAN_TransmitStatus                       0x08004a75   Thumb Code   136  stm32f4xx_can.o(.text)
    CAN_CancelTransmit                       0x08004afd   Thumb Code    48  stm32f4xx_can.o(.text)
    CAN_Receive                              0x08004b2d   Thumb Code   240  stm32f4xx_can.o(.text)
    CAN_FIFORelease                          0x08004c1d   Thumb Code    22  stm32f4xx_can.o(.text)
    CAN_MessagePending                       0x08004c33   Thumb Code    30  stm32f4xx_can.o(.text)
    CAN_OperatingModeRequest                 0x08004c51   Thumb Code   162  stm32f4xx_can.o(.text)
    CAN_Sleep                                0x08004cf3   Thumb Code    30  stm32f4xx_can.o(.text)
    CAN_WakeUp                               0x08004d11   Thumb Code    48  stm32f4xx_can.o(.text)
    CAN_GetLastErrorCode                     0x08004d41   Thumb Code    12  stm32f4xx_can.o(.text)
    CAN_GetReceiveErrorCounter               0x08004d4d   Thumb Code    10  stm32f4xx_can.o(.text)
    CAN_GetLSBTransmitErrorCounter           0x08004d57   Thumb Code    12  stm32f4xx_can.o(.text)
    CAN_ITConfig                             0x08004d63   Thumb Code    18  stm32f4xx_can.o(.text)
    CAN_GetFlagStatus                        0x08004d75   Thumb Code   120  stm32f4xx_can.o(.text)
    CAN_ClearFlag                            0x08004ded   Thumb Code    52  stm32f4xx_can.o(.text)
    CAN_GetITStatus                          0x08004e31   Thumb Code   306  stm32f4xx_can.o(.text)
    CAN_ClearITPendingBit                    0x08004f63   Thumb Code   162  stm32f4xx_can.o(.text)
    GPIO_DeInit                              0x08005009   Thumb Code   220  stm32f4xx_gpio.o(.text)
    GPIO_Init                                0x080050e5   Thumb Code   144  stm32f4xx_gpio.o(.text)
    GPIO_StructInit                          0x08005175   Thumb Code    18  stm32f4xx_gpio.o(.text)
    GPIO_PinLockConfig                       0x08005187   Thumb Code    34  stm32f4xx_gpio.o(.text)
    GPIO_ReadInputDataBit                    0x080051a9   Thumb Code    18  stm32f4xx_gpio.o(.text)
    GPIO_ReadInputData                       0x080051bb   Thumb Code     8  stm32f4xx_gpio.o(.text)
    GPIO_ReadOutputDataBit                   0x080051c3   Thumb Code    18  stm32f4xx_gpio.o(.text)
    GPIO_ReadOutputData                      0x080051d5   Thumb Code     8  stm32f4xx_gpio.o(.text)
    GPIO_SetBits                             0x080051dd   Thumb Code     4  stm32f4xx_gpio.o(.text)
    GPIO_ResetBits                           0x080051e1   Thumb Code     4  stm32f4xx_gpio.o(.text)
    GPIO_WriteBit                            0x080051e5   Thumb Code    10  stm32f4xx_gpio.o(.text)
    GPIO_Write                               0x080051ef   Thumb Code     4  stm32f4xx_gpio.o(.text)
    GPIO_ToggleBits                          0x080051f3   Thumb Code     8  stm32f4xx_gpio.o(.text)
    GPIO_PinAFConfig                         0x080051fb   Thumb Code    70  stm32f4xx_gpio.o(.text)
    USART_DeInit                             0x08005265   Thumb Code   156  stm32f4xx_usart.o(.text)
    USART_Init                               0x08005301   Thumb Code   204  stm32f4xx_usart.o(.text)
    USART_StructInit                         0x080053cd   Thumb Code    24  stm32f4xx_usart.o(.text)
    USART_ClockInit                          0x080053e5   Thumb Code    32  stm32f4xx_usart.o(.text)
    USART_ClockStructInit                    0x08005405   Thumb Code    12  stm32f4xx_usart.o(.text)
    USART_Cmd                                0x08005411   Thumb Code    24  stm32f4xx_usart.o(.text)
    USART_SetPrescaler                       0x08005429   Thumb Code    16  stm32f4xx_usart.o(.text)
    USART_OverSampling8Cmd                   0x08005439   Thumb Code    22  stm32f4xx_usart.o(.text)
    USART_OneBitMethodCmd                    0x0800544f   Thumb Code    24  stm32f4xx_usart.o(.text)
    USART_SendData                           0x08005467   Thumb Code     8  stm32f4xx_usart.o(.text)
    USART_ReceiveData                        0x0800546f   Thumb Code    10  stm32f4xx_usart.o(.text)
    USART_SetAddress                         0x08005479   Thumb Code    18  stm32f4xx_usart.o(.text)
    USART_ReceiverWakeUpCmd                  0x0800548b   Thumb Code    24  stm32f4xx_usart.o(.text)
    USART_WakeUpConfig                       0x080054a3   Thumb Code    18  stm32f4xx_usart.o(.text)
    USART_LINBreakDetectLengthConfig         0x080054b5   Thumb Code    18  stm32f4xx_usart.o(.text)
    USART_LINCmd                             0x080054c7   Thumb Code    24  stm32f4xx_usart.o(.text)
    USART_SendBreak                          0x080054df   Thumb Code    10  stm32f4xx_usart.o(.text)
    USART_HalfDuplexCmd                      0x080054e9   Thumb Code    24  stm32f4xx_usart.o(.text)
    USART_SetGuardTime                       0x08005501   Thumb Code    16  stm32f4xx_usart.o(.text)
    USART_SmartCardCmd                       0x08005511   Thumb Code    24  stm32f4xx_usart.o(.text)
    USART_SmartCardNACKCmd                   0x08005529   Thumb Code    24  stm32f4xx_usart.o(.text)
    USART_IrDAConfig                         0x08005541   Thumb Code    18  stm32f4xx_usart.o(.text)
    USART_IrDACmd                            0x08005553   Thumb Code    24  stm32f4xx_usart.o(.text)
    USART_DMACmd                             0x0800556b   Thumb Code    18  stm32f4xx_usart.o(.text)
    USART_ITConfig                           0x0800557d   Thumb Code    74  stm32f4xx_usart.o(.text)
    USART_GetFlagStatus                      0x080055c7   Thumb Code    26  stm32f4xx_usart.o(.text)
    USART_ClearFlag                          0x080055e1   Thumb Code    18  stm32f4xx_usart.o(.text)
    USART_GetITStatus                        0x080055f3   Thumb Code   110  stm32f4xx_usart.o(.text)
    USART_ClearITPendingBit                  0x08005661   Thumb Code    30  stm32f4xx_usart.o(.text)
    SystemInit                               0x0800574f   Thumb Code    30  system_stm32f4xx.o(.text)
    SystemCoreClockUpdate                    0x0800576d   Thumb Code   174  system_stm32f4xx.o(.text)
    DMA_DeInit                               0x08005841   Thumb Code   324  stm32f4xx_dma.o(.text)
    DMA_Init                                 0x08005985   Thumb Code    82  stm32f4xx_dma.o(.text)
    DMA_StructInit                           0x080059d7   Thumb Code    34  stm32f4xx_dma.o(.text)
    DMA_Cmd                                  0x080059f9   Thumb Code    22  stm32f4xx_dma.o(.text)
    DMA_PeriphIncOffsetSizeConfig            0x08005a0f   Thumb Code    22  stm32f4xx_dma.o(.text)
    DMA_FlowControllerConfig                 0x08005a25   Thumb Code    22  stm32f4xx_dma.o(.text)
    DMA_SetCurrDataCounter                   0x08005a3b   Thumb Code     4  stm32f4xx_dma.o(.text)
    DMA_GetCurrDataCounter                   0x08005a3f   Thumb Code     8  stm32f4xx_dma.o(.text)
    DMA_DoubleBufferModeConfig               0x08005a47   Thumb Code    24  stm32f4xx_dma.o(.text)
    DMA_DoubleBufferModeCmd                  0x08005a5f   Thumb Code    22  stm32f4xx_dma.o(.text)
    DMA_MemoryTargetConfig                   0x08005a75   Thumb Code    10  stm32f4xx_dma.o(.text)
    DMA_GetCurrentMemoryTarget               0x08005a7f   Thumb Code    20  stm32f4xx_dma.o(.text)
    DMA_GetCmdStatus                         0x08005a93   Thumb Code    20  stm32f4xx_dma.o(.text)
    DMA_GetFIFOStatus                        0x08005aa7   Thumb Code    12  stm32f4xx_dma.o(.text)
    DMA_GetFlagStatus                        0x08005ab3   Thumb Code    54  stm32f4xx_dma.o(.text)
    DMA_ClearFlag                            0x08005ae9   Thumb Code    40  stm32f4xx_dma.o(.text)
    DMA_ITConfig                             0x08005b11   Thumb Code    58  stm32f4xx_dma.o(.text)
    DMA_GetITStatus                          0x08005b4b   Thumb Code    82  stm32f4xx_dma.o(.text)
    DMA_ClearITPendingBit                    0x08005b9d   Thumb Code    40  stm32f4xx_dma.o(.text)
    Reset_Handler                            0x08005be5   Thumb Code     8  startup_stm32f427xx.o(.text)
    ADC_IRQHandler                           0x08005bff   Thumb Code     0  startup_stm32f427xx.o(.text)
    CAN1_RX1_IRQHandler                      0x08005bff   Thumb Code     0  startup_stm32f427xx.o(.text)
    CAN1_SCE_IRQHandler                      0x08005bff   Thumb Code     0  startup_stm32f427xx.o(.text)
    CAN2_RX1_IRQHandler                      0x08005bff   Thumb Code     0  startup_stm32f427xx.o(.text)
    CAN2_SCE_IRQHandler                      0x08005bff   Thumb Code     0  startup_stm32f427xx.o(.text)
    DCMI_IRQHandler                          0x08005bff   Thumb Code     0  startup_stm32f427xx.o(.text)
    DMA1_Stream0_IRQHandler                  0x08005bff   Thumb Code     0  startup_stm32f427xx.o(.text)
    DMA1_Stream1_IRQHandler                  0x08005bff   Thumb Code     0  startup_stm32f427xx.o(.text)
    DMA1_Stream3_IRQHandler                  0x08005bff   Thumb Code     0  startup_stm32f427xx.o(.text)
    DMA1_Stream6_IRQHandler                  0x08005bff   Thumb Code     0  startup_stm32f427xx.o(.text)
    DMA1_Stream7_IRQHandler                  0x08005bff   Thumb Code     0  startup_stm32f427xx.o(.text)
    DMA2D_IRQHandler                         0x08005bff   Thumb Code     0  startup_stm32f427xx.o(.text)
    DMA2_Stream0_IRQHandler                  0x08005bff   Thumb Code     0  startup_stm32f427xx.o(.text)
    DMA2_Stream1_IRQHandler                  0x08005bff   Thumb Code     0  startup_stm32f427xx.o(.text)
    DMA2_Stream3_IRQHandler                  0x08005bff   Thumb Code     0  startup_stm32f427xx.o(.text)
    DMA2_Stream4_IRQHandler                  0x08005bff   Thumb Code     0  startup_stm32f427xx.o(.text)
    DMA2_Stream5_IRQHandler                  0x08005bff   Thumb Code     0  startup_stm32f427xx.o(.text)
    DMA2_Stream6_IRQHandler                  0x08005bff   Thumb Code     0  startup_stm32f427xx.o(.text)
    DMA2_Stream7_IRQHandler                  0x08005bff   Thumb Code     0  startup_stm32f427xx.o(.text)
    ETH_IRQHandler                           0x08005bff   Thumb Code     0  startup_stm32f427xx.o(.text)
    ETH_WKUP_IRQHandler                      0x08005bff   Thumb Code     0  startup_stm32f427xx.o(.text)
    EXTI0_IRQHandler                         0x08005bff   Thumb Code     0  startup_stm32f427xx.o(.text)
    EXTI15_10_IRQHandler                     0x08005bff   Thumb Code     0  startup_stm32f427xx.o(.text)
    EXTI1_IRQHandler                         0x08005bff   Thumb Code     0  startup_stm32f427xx.o(.text)
    EXTI2_IRQHandler                         0x08005bff   Thumb Code     0  startup_stm32f427xx.o(.text)
    EXTI3_IRQHandler                         0x08005bff   Thumb Code     0  startup_stm32f427xx.o(.text)
    EXTI4_IRQHandler                         0x08005bff   Thumb Code     0  startup_stm32f427xx.o(.text)
    EXTI9_5_IRQHandler                       0x08005bff   Thumb Code     0  startup_stm32f427xx.o(.text)
    FLASH_IRQHandler                         0x08005bff   Thumb Code     0  startup_stm32f427xx.o(.text)
    FMC_IRQHandler                           0x08005bff   Thumb Code     0  startup_stm32f427xx.o(.text)
    FPU_IRQHandler                           0x08005bff   Thumb Code     0  startup_stm32f427xx.o(.text)
    HASH_RNG_IRQHandler                      0x08005bff   Thumb Code     0  startup_stm32f427xx.o(.text)
    I2C1_ER_IRQHandler                       0x08005bff   Thumb Code     0  startup_stm32f427xx.o(.text)
    I2C1_EV_IRQHandler                       0x08005bff   Thumb Code     0  startup_stm32f427xx.o(.text)
    I2C2_ER_IRQHandler                       0x08005bff   Thumb Code     0  startup_stm32f427xx.o(.text)
    I2C2_EV_IRQHandler                       0x08005bff   Thumb Code     0  startup_stm32f427xx.o(.text)
    I2C3_ER_IRQHandler                       0x08005bff   Thumb Code     0  startup_stm32f427xx.o(.text)
    I2C3_EV_IRQHandler                       0x08005bff   Thumb Code     0  startup_stm32f427xx.o(.text)
    OTG_FS_IRQHandler                        0x08005bff   Thumb Code     0  startup_stm32f427xx.o(.text)
    OTG_FS_WKUP_IRQHandler                   0x08005bff   Thumb Code     0  startup_stm32f427xx.o(.text)
    OTG_HS_EP1_IN_IRQHandler                 0x08005bff   Thumb Code     0  startup_stm32f427xx.o(.text)
    OTG_HS_EP1_OUT_IRQHandler                0x08005bff   Thumb Code     0  startup_stm32f427xx.o(.text)
    OTG_HS_IRQHandler                        0x08005bff   Thumb Code     0  startup_stm32f427xx.o(.text)
    OTG_HS_WKUP_IRQHandler                   0x08005bff   Thumb Code     0  startup_stm32f427xx.o(.text)
    PVD_IRQHandler                           0x08005bff   Thumb Code     0  startup_stm32f427xx.o(.text)
    RCC_IRQHandler                           0x08005bff   Thumb Code     0  startup_stm32f427xx.o(.text)
    RTC_Alarm_IRQHandler                     0x08005bff   Thumb Code     0  startup_stm32f427xx.o(.text)
    RTC_WKUP_IRQHandler                      0x08005bff   Thumb Code     0  startup_stm32f427xx.o(.text)
    SAI1_IRQHandler                          0x08005bff   Thumb Code     0  startup_stm32f427xx.o(.text)
    SDIO_IRQHandler                          0x08005bff   Thumb Code     0  startup_stm32f427xx.o(.text)
    SPI1_IRQHandler                          0x08005bff   Thumb Code     0  startup_stm32f427xx.o(.text)
    SPI2_IRQHandler                          0x08005bff   Thumb Code     0  startup_stm32f427xx.o(.text)
    SPI3_IRQHandler                          0x08005bff   Thumb Code     0  startup_stm32f427xx.o(.text)
    SPI4_IRQHandler                          0x08005bff   Thumb Code     0  startup_stm32f427xx.o(.text)
    SPI5_IRQHandler                          0x08005bff   Thumb Code     0  startup_stm32f427xx.o(.text)
    SPI6_IRQHandler                          0x08005bff   Thumb Code     0  startup_stm32f427xx.o(.text)
    TAMP_STAMP_IRQHandler                    0x08005bff   Thumb Code     0  startup_stm32f427xx.o(.text)
    TIM1_BRK_TIM9_IRQHandler                 0x08005bff   Thumb Code     0  startup_stm32f427xx.o(.text)
    TIM1_CC_IRQHandler                       0x08005bff   Thumb Code     0  startup_stm32f427xx.o(.text)
    TIM1_TRG_COM_TIM11_IRQHandler            0x08005bff   Thumb Code     0  startup_stm32f427xx.o(.text)
    TIM1_UP_TIM10_IRQHandler                 0x08005bff   Thumb Code     0  startup_stm32f427xx.o(.text)
    TIM2_IRQHandler                          0x08005bff   Thumb Code     0  startup_stm32f427xx.o(.text)
    TIM3_IRQHandler                          0x08005bff   Thumb Code     0  startup_stm32f427xx.o(.text)
    TIM4_IRQHandler                          0x08005bff   Thumb Code     0  startup_stm32f427xx.o(.text)
    TIM5_IRQHandler                          0x08005bff   Thumb Code     0  startup_stm32f427xx.o(.text)
    TIM7_IRQHandler                          0x08005bff   Thumb Code     0  startup_stm32f427xx.o(.text)
    TIM8_BRK_TIM12_IRQHandler                0x08005bff   Thumb Code     0  startup_stm32f427xx.o(.text)
    TIM8_CC_IRQHandler                       0x08005bff   Thumb Code     0  startup_stm32f427xx.o(.text)
    TIM8_TRG_COM_TIM14_IRQHandler            0x08005bff   Thumb Code     0  startup_stm32f427xx.o(.text)
    TIM8_UP_TIM13_IRQHandler                 0x08005bff   Thumb Code     0  startup_stm32f427xx.o(.text)
    UART4_IRQHandler                         0x08005bff   Thumb Code     0  startup_stm32f427xx.o(.text)
    UART5_IRQHandler                         0x08005bff   Thumb Code     0  startup_stm32f427xx.o(.text)
    UART7_IRQHandler                         0x08005bff   Thumb Code     0  startup_stm32f427xx.o(.text)
    UART8_IRQHandler                         0x08005bff   Thumb Code     0  startup_stm32f427xx.o(.text)
    USART1_IRQHandler                        0x08005bff   Thumb Code     0  startup_stm32f427xx.o(.text)
    USART2_IRQHandler                        0x08005bff   Thumb Code     0  startup_stm32f427xx.o(.text)
    USART6_IRQHandler                        0x08005bff   Thumb Code     0  startup_stm32f427xx.o(.text)
    WWDG_IRQHandler                          0x08005bff   Thumb Code     0  startup_stm32f427xx.o(.text)
    __aeabi_dadd                             0x08005c09   Thumb Code   322  dadd.o(.text)
    __aeabi_dsub                             0x08005d4b   Thumb Code     6  dadd.o(.text)
    __aeabi_drsub                            0x08005d51   Thumb Code     6  dadd.o(.text)
    __aeabi_dmul                             0x08005d57   Thumb Code   228  dmul.o(.text)
    __aeabi_ddiv                             0x08005e3b   Thumb Code   222  ddiv.o(.text)
    __aeabi_i2d                              0x08005f19   Thumb Code    34  dflti.o(.text)
    __aeabi_d2iz                             0x08005f3b   Thumb Code    62  dfixi.o(.text)
    __aeabi_f2d                              0x08005f79   Thumb Code    38  f2d.o(.text)
    __aeabi_cdcmpeq                          0x08005fa1   Thumb Code     0  cdcmple.o(.text)
    __aeabi_cdcmple                          0x08005fa1   Thumb Code    38  cdcmple.o(.text)
    __aeabi_cdrcmple                         0x08005fc9   Thumb Code    38  cdrcmple.o(.text)
    __aeabi_d2f                              0x08005ff1   Thumb Code    56  d2f.o(.text)
    __aeabi_uidiv                            0x08006029   Thumb Code     0  uidiv.o(.text)
    __aeabi_uidivmod                         0x08006029   Thumb Code    44  uidiv.o(.text)
    __aeabi_uldivmod                         0x08006055   Thumb Code    98  uldiv.o(.text)
    __aeabi_llsl                             0x080060b7   Thumb Code    30  llshl.o(.text)
    _ll_shift_l                              0x080060b7   Thumb Code     0  llshl.o(.text)
    __aeabi_llsr                             0x080060d5   Thumb Code    32  llushr.o(.text)
    _ll_ushift_r                             0x080060d5   Thumb Code     0  llushr.o(.text)
    __aeabi_lasr                             0x080060f5   Thumb Code    36  llsshr.o(.text)
    _ll_sshift_r                             0x080060f5   Thumb Code     0  llsshr.o(.text)
    __I$use$fp                               0x08006119   Thumb Code     0  iusefp.o(.text)
    _float_round                             0x08006119   Thumb Code    18  fepilogue.o(.text)
    _float_epilogue                          0x0800612b   Thumb Code    90  fepilogue.o(.text)
    _double_round                            0x08006185   Thumb Code    26  depilogue.o(.text)
    _double_epilogue                         0x0800619f   Thumb Code   164  depilogue.o(.text)
    __aeabi_d2ulz                            0x08006243   Thumb Code    48  dfixul.o(.text)
    __scatterload                            0x08006275   Thumb Code    28  init.o(.text)
    __scatterload_rt2                        0x08006275   Thumb Code     0  init.o(.text)
    __decompress                             0x08006299   Thumb Code     0  __dczerorl2.o(.text)
    __decompress1                            0x08006299   Thumb Code    92  __dczerorl2.o(.text)
    __0printf                                0x080062f5   Thumb Code    22  printfa.o(i.__0printf)
    __1printf                                0x080062f5   Thumb Code     0  printfa.o(i.__0printf)
    __2printf                                0x080062f5   Thumb Code     0  printfa.o(i.__0printf)
    __c89printf                              0x080062f5   Thumb Code     0  printfa.o(i.__0printf)
    printf                                   0x080062f5   Thumb Code     0  printfa.o(i.__0printf)
    __scatterload_copy                       0x08006315   Thumb Code    14  handlers.o(i.__scatterload_copy)
    __scatterload_null                       0x08006323   Thumb Code     2  handlers.o(i.__scatterload_null)
    __scatterload_zeroinit                   0x08006325   Thumb Code    14  handlers.o(i.__scatterload_zeroinit)
    Region$$Table$$Base                      0x08006c28   Number         0  anon$$obj.o(Region$$Table)
    Region$$Table$$Limit                     0x08006c48   Number         0  anon$$obj.o(Region$$Table)
    a                                        0x20000000   Data           4  main.o(.data)
    b                                        0x20000004   Data           4  main.o(.data)
    c                                        0x20000008   Data           4  main.o(.data)
    aaa                                      0x2000000c   Data           4  main.o(.data)
    py_ESC_MAX                               0x20000024   Data           4  rm_6623py.o(.data)
    py_INTE_MAX                              0x20000028   Data           4  rm_6623py.o(.data)
    first                                    0x2000002c   Data           1  rm_6623py.o(.data)
    error_gy901                              0x2000002d   Data           1  rm_6623py.o(.data)
    target                                   0x20000030   Data           4  rm_6623py.o(.data)
    pitch_target_angle                       0x20000034   Data           2  rm_6623py.o(.data)
    yaw_target_angle                         0x20000036   Data           2  rm_6623py.o(.data)
    gy_ap                                    0x20000038   Data           4  rm_6623py.o(.data)
    gy_ai                                    0x2000003c   Data           4  rm_6623py.o(.data)
    gy_ad                                    0x20000040   Data           4  rm_6623py.o(.data)
    gy_vp                                    0x20000044   Data           4  rm_6623py.o(.data)
    gy_vi                                    0x20000048   Data           4  rm_6623py.o(.data)
    gy_vd                                    0x2000004c   Data           4  rm_6623py.o(.data)
    gy_x1                                    0x20000050   Data           4  rm_6623py.o(.data)
    gy_x2                                    0x20000054   Data           4  rm_6623py.o(.data)
    RM6623_pitch_ap                          0x20000058   Data           4  rm_6623py.o(.data)
    RM6623_pitch_ai                          0x2000005c   Data           4  rm_6623py.o(.data)
    RM6623_pitch_vp                          0x20000060   Data           4  rm_6623py.o(.data)
    RM6623_pitch_vi                          0x20000064   Data           4  rm_6623py.o(.data)
    RM6623_pitch_vd                          0x20000068   Data           4  rm_6623py.o(.data)
    RM6623_pitch_x1                          0x2000006c   Data           4  rm_6623py.o(.data)
    RM6623_pitch_x2                          0x20000070   Data           4  rm_6623py.o(.data)
    RM6623_yaw_ap                            0x20000074   Data           4  rm_6623py.o(.data)
    RM6623_yaw_ai                            0x20000078   Data           4  rm_6623py.o(.data)
    RM6623_yaw_vp                            0x2000007c   Data           4  rm_6623py.o(.data)
    RM6623_yaw_vi                            0x20000080   Data           4  rm_6623py.o(.data)
    RM6623_yaw_vd                            0x20000084   Data           4  rm_6623py.o(.data)
    RM6623_yaw_x1                            0x20000088   Data           4  rm_6623py.o(.data)
    RM6623_yaw_x2                            0x2000008c   Data           4  rm_6623py.o(.data)
    Pitch_speed                              0x200000f4   Data           4  rm_6623py.o(.data)
    pitch_current_angle                      0x200000f8   Data           2  rm_6623py.o(.data)
    pitch_target_velocity                    0x200000fa   Data           2  rm_6623py.o(.data)
    pitch_current                            0x200000fc   Data           2  rm_6623py.o(.data)
    yaw_current_angle                        0x200000fe   Data           2  rm_6623py.o(.data)
    yaw_target_velocity                      0x20000100   Data           2  rm_6623py.o(.data)
    yaw_current                              0x20000102   Data           2  rm_6623py.o(.data)
    pitch_current_velocity                   0x20000104   Data           2  rm_6623py.o(.data)
    yaw_current_velocity                     0x20000106   Data           2  rm_6623py.o(.data)
    RM3510_ep                                0x20000108   Data           4  rm3510.o(.data)
    RM3510_ei                                0x2000010c   Data           4  rm3510.o(.data)
    RM3510_ed                                0x20000110   Data           4  rm3510.o(.data)
    RM3510_vp                                0x20000114   Data           4  rm3510.o(.data)
    RM3510_vi                                0x20000118   Data           4  rm3510.o(.data)
    RM3510_vd                                0x2000011c   Data           4  rm3510.o(.data)
    RM3510_x1                                0x20000120   Data           4  rm3510.o(.data)
    RM3510_x2                                0x20000124   Data           4  rm3510.o(.data)
    motor201_current_electric                0x20000128   Data           2  rm3510.o(.data)
    motor201_target_electric                 0x2000012a   Data           2  rm3510.o(.data)
    motor201_current_velocity                0x2000012c   Data           2  rm3510.o(.data)
    motor201_target_velocity                 0x2000012e   Data           2  rm3510.o(.data)
    motor201_current                         0x20000130   Data           2  rm3510.o(.data)
    motor202_current_electric                0x20000132   Data           2  rm3510.o(.data)
    motor202_target_electric                 0x20000134   Data           2  rm3510.o(.data)
    motor202_current_velocity                0x20000136   Data           2  rm3510.o(.data)
    motor202_target_velocity                 0x20000138   Data           2  rm3510.o(.data)
    motor202_current                         0x2000013a   Data           2  rm3510.o(.data)
    motor203_current_electric                0x2000013c   Data           2  rm3510.o(.data)
    motor203_target_electric                 0x2000013e   Data           2  rm3510.o(.data)
    motor203_current_velocity                0x20000140   Data           2  rm3510.o(.data)
    motor203_target_velocity                 0x20000142   Data           2  rm3510.o(.data)
    motor203_current                         0x20000144   Data           2  rm3510.o(.data)
    motor204_current_electric                0x20000146   Data           2  rm3510.o(.data)
    motor204_target_electric                 0x20000148   Data           2  rm3510.o(.data)
    motor204_current_velocity                0x2000014a   Data           2  rm3510.o(.data)
    motor204_target_velocity                 0x2000014c   Data           2  rm3510.o(.data)
    motor204_current                         0x2000014e   Data           2  rm3510.o(.data)
    can_tx_success_flag                      0x200001d0   Data           1  can1.o(.data)
    remote_flag                              0x200001d4   Data           1  usart1.o(.data)
    target_sign                              0x200001d8   Data           4  usart1.o(.data)
    count_num                                0x200001dc   Data           1  usart1.o(.data)
    sign                                     0x200001dd   Data           1  usart1.o(.data)
    target_bias                              0x200001e0   Data           4  usart1.o(.data)
    Key_w                                    0x200001e4   Data           1  usart1.o(.data)
    Key_s                                    0x200001e5   Data           1  usart1.o(.data)
    Key_a                                    0x200001e6   Data           1  usart1.o(.data)
    Key_d                                    0x200001e7   Data           1  usart1.o(.data)
    Key_shift                                0x200001e8   Data           1  usart1.o(.data)
    Key_ctrl                                 0x200001e9   Data           1  usart1.o(.data)
    Key_q                                    0x200001ea   Data           1  usart1.o(.data)
    Key_e                                    0x200001eb   Data           1  usart1.o(.data)
    Mouse_value_l                            0x200001ec   Data           2  usart1.o(.data)
    Mouse_value_r                            0x200001ee   Data           2  usart1.o(.data)
    Mouse_value_x                            0x200001f0   Data           2  usart1.o(.data)
    Mouse_value_y                            0x200001f2   Data           2  usart1.o(.data)
    Push_Left_UAD                            0x200001f4   Data           2  usart1.o(.data)
    Push_Left_LAR                            0x200001f6   Data           2  usart1.o(.data)
    Push_Right_UAD                           0x200001f8   Data           2  usart1.o(.data)
    Push_Right_LAR                           0x200001fa   Data           2  usart1.o(.data)
    Switch_Left                              0x200001fc   Data           1  usart1.o(.data)
    Switch_Right                             0x200001fd   Data           1  usart1.o(.data)
    Rx_data                                  0x200001fe   Data           1  usart3.o(.data)
    Pwm                                      0x20000208   Data           4  timer6.o(.data)
    mpu_flag                                 0x2000020c   Data           1  usart2.o(.data)
    a_x                                      0x20000210   Data           4  usart2.o(.data)
    a_y                                      0x20000214   Data           4  usart2.o(.data)
    a_z                                      0x20000218   Data           4  usart2.o(.data)
    w_x                                      0x2000021c   Data           4  usart2.o(.data)
    w_y                                      0x20000220   Data           4  usart2.o(.data)
    w_z                                      0x20000224   Data           4  usart2.o(.data)
    angle_pitch                              0x20000228   Data           4  usart2.o(.data)
    angle_roll                               0x2000022c   Data           4  usart2.o(.data)
    angle_yaw                                0x20000230   Data           4  usart2.o(.data)
    SystemCoreClock                          0x20000244   Data           4  system_stm32f4xx.o(.data)
    AHBPrescTable                            0x20000248   Data          16  system_stm32f4xx.o(.data)
    __stdout                                 0x20000258   Data           4  stdout.o(.data)
    sbus_rx_buffer                           0x2000025c   Data          18  usart1.o(.bss)
    sbus_channel_temp                        0x20000270   Data          68  usart1.o(.bss)
    Temp                                     0x200002b4   Data          33  usart2.o(.bss)
    __initial_sp                             0x200006d8   Data           0  startup_stm32f427xx.o(STACK)



==============================================================================

Memory Map of the image

  Image Entry point : 0x080001ad

  Load Region LR_IROM1 (Base: 0x08000000, Size: 0x00006ea4, Max: 0x00200000, ABSOLUTE, COMPRESSED[0x00006cb8])

    Execution Region ER_IROM1 (Base: 0x08000000, Size: 0x00006c48, Max: 0x00200000, ABSOLUTE)

    Base Addr    Size         Type   Attr      Idx    E Section Name        Object

    0x08000000   0x000001ac   Data   RO          968    RESET               startup_stm32f427xx.o
    0x080001ac   0x00000000   Code   RO          973  * .ARM.Collect$$$$00000000  mc_w.l(entry.o)
    0x080001ac   0x00000004   Code   RO         1255    .ARM.Collect$$$$00000001  mc_w.l(entry2.o)
    0x080001b0   0x00000004   Code   RO         1258    .ARM.Collect$$$$00000004  mc_w.l(entry5.o)
    0x080001b4   0x00000000   Code   RO         1260    .ARM.Collect$$$$00000008  mc_w.l(entry7b.o)
    0x080001b4   0x00000000   Code   RO         1262    .ARM.Collect$$$$0000000A  mc_w.l(entry8b.o)
    0x080001b4   0x00000008   Code   RO         1263    .ARM.Collect$$$$0000000B  mc_w.l(entry9a.o)
    0x080001bc   0x00000000   Code   RO         1265    .ARM.Collect$$$$0000000D  mc_w.l(entry10a.o)
    0x080001bc   0x00000000   Code   RO         1267    .ARM.Collect$$$$0000000F  mc_w.l(entry11a.o)
    0x080001bc   0x00000004   Code   RO         1256    .ARM.Collect$$$$00002712  mc_w.l(entry2.o)
    0x080001c0   0x0000001e   Code   RO            4    .text               stm32f4xx_it.o
    0x080001de   0x00000002   PAD
    0x080001e0   0x00000320   Code   RO          159    .text               app.o
    0x08000500   0x00000a80   Code   RO          208    .text               main.o
    0x08000f80   0x00000998   Code   RO          343    .text               rm_6623py.o
    0x08001918   0x00000bf0   Code   RO          374    .text               rm3510.o
    0x08002508   0x00000130   Code   RO          404    .text               can1.o
    0x08002638   0x00000354   Code   RO          434    .text               usart1.o
    0x0800298c   0x00000036   Code   RO          465    .text               delay.o
    0x080029c2   0x00000002   PAD
    0x080029c4   0x00000064   Code   RO          489    .text               led.o
    0x08002a28   0x000001b4   Code   RO          513    .text               pwm.o
    0x08002bdc   0x00000118   Code   RO          537    .text               usart3.o
    0x08002cf4   0x00000164   Code   RO          564    .text               timer6.o
    0x08002e58   0x000003a0   Code   RO          591    .text               usart2.o
    0x080031f8   0x00000118   Code   RO          622    .text               can2.o
    0x08003310   0x000000e4   Code   RO          646    .text               misc.o
    0x080033f4   0x00000ca2   Code   RO          670    .text               stm32f4xx_tim.o
    0x08004096   0x00000002   PAD
    0x08004098   0x00000588   Code   RO          694    .text               stm32f4xx_rcc.o
    0x08004620   0x000009e8   Code   RO          720    .text               stm32f4xx_can.o
    0x08005008   0x0000025c   Code   RO          768    .text               stm32f4xx_gpio.o
    0x08005264   0x0000041a   Code   RO          792    .text               stm32f4xx_usart.o
    0x0800567e   0x00000002   PAD
    0x08005680   0x000001c0   Code   RO          840    .text               system_stm32f4xx.o
    0x08005840   0x000003a4   Code   RO          945    .text               stm32f4xx_dma.o
    0x08005be4   0x00000024   Code   RO          969    .text               startup_stm32f427xx.o
    0x08005c08   0x0000014e   Code   RO         1237    .text               mf_w.l(dadd.o)
    0x08005d56   0x000000e4   Code   RO         1239    .text               mf_w.l(dmul.o)
    0x08005e3a   0x000000de   Code   RO         1241    .text               mf_w.l(ddiv.o)
    0x08005f18   0x00000022   Code   RO         1243    .text               mf_w.l(dflti.o)
    0x08005f3a   0x0000003e   Code   RO         1245    .text               mf_w.l(dfixi.o)
    0x08005f78   0x00000026   Code   RO         1247    .text               mf_w.l(f2d.o)
    0x08005f9e   0x00000002   PAD
    0x08005fa0   0x00000028   Code   RO         1249    .text               mf_w.l(cdcmple.o)
    0x08005fc8   0x00000028   Code   RO         1251    .text               mf_w.l(cdrcmple.o)
    0x08005ff0   0x00000038   Code   RO         1253    .text               mf_w.l(d2f.o)
    0x08006028   0x0000002c   Code   RO         1270    .text               mc_w.l(uidiv.o)
    0x08006054   0x00000062   Code   RO         1272    .text               mc_w.l(uldiv.o)
    0x080060b6   0x0000001e   Code   RO         1274    .text               mc_w.l(llshl.o)
    0x080060d4   0x00000020   Code   RO         1276    .text               mc_w.l(llushr.o)
    0x080060f4   0x00000024   Code   RO         1278    .text               mc_w.l(llsshr.o)
    0x08006118   0x00000000   Code   RO         1280    .text               mc_w.l(iusefp.o)
    0x08006118   0x0000006c   Code   RO         1281    .text               mf_w.l(fepilogue.o)
    0x08006184   0x000000be   Code   RO         1283    .text               mf_w.l(depilogue.o)
    0x08006242   0x00000030   Code   RO         1285    .text               mf_w.l(dfixul.o)
    0x08006272   0x00000002   PAD
    0x08006274   0x00000024   Code   RO         1287    .text               mc_w.l(init.o)
    0x08006298   0x0000005c   Code   RO         1297    .text               mc_w.l(__dczerorl2.o)
    0x080062f4   0x00000020   Code   RO         1209    i.__0printf         mc_w.l(printfa.o)
    0x08006314   0x0000000e   Code   RO         1291    i.__scatterload_copy  mc_w.l(handlers.o)
    0x08006322   0x00000002   Code   RO         1292    i.__scatterload_null  mc_w.l(handlers.o)
    0x08006324   0x0000000e   Code   RO         1293    i.__scatterload_zeroinit  mc_w.l(handlers.o)
    0x08006332   0x00000002   PAD
    0x08006334   0x0000015c   Code   RO         1216    i._fp_digits        mc_w.l(printfa.o)
    0x08006490   0x000006f0   Code   RO         1217    i._printf_core      mc_w.l(printfa.o)
    0x08006b80   0x00000026   Code   RO         1218    i._printf_post_padding  mc_w.l(printfa.o)
    0x08006ba6   0x00000030   Code   RO         1219    i._printf_pre_padding  mc_w.l(printfa.o)
    0x08006bd6   0x00000002   PAD
    0x08006bd8   0x00000050   Data   RO          209    .constdata          main.o
    0x08006c28   0x00000020   Data   RO         1289    Region$$Table       anon$$obj.o


    Execution Region RW_IRAM1 (Base: 0x20000000, Size: 0x000006d8, Max: 0x00030000, ABSOLUTE, COMPRESSED[0x00000070])

    Base Addr    Size         Type   Attr      Idx    E Section Name        Object

    0x20000000   0x00000024   Data   RW          210    .data               main.o
    0x20000024   0x000000e4   Data   RW          344    .data               rm_6623py.o
    0x20000108   0x000000c8   Data   RW          375    .data               rm3510.o
    0x200001d0   0x00000001   Data   RW          405    .data               can1.o
    0x200001d1   0x00000003   PAD
    0x200001d4   0x0000002a   Data   RW          436    .data               usart1.o
    0x200001fe   0x00000001   Data   RW          538    .data               usart3.o
    0x200001ff   0x00000001   PAD
    0x20000200   0x0000000c   Data   RW          565    .data               timer6.o
    0x2000020c   0x00000028   Data   RW          593    .data               usart2.o
    0x20000234   0x00000010   Data   RW          695    .data               stm32f4xx_rcc.o
    0x20000244   0x00000014   Data   RW          841    .data               system_stm32f4xx.o
    0x20000258   0x00000004   Data   RW         1269    .data               mc_w.l(stdout.o)
    0x2000025c   0x00000058   Zero   RW          435    .bss                usart1.o
    0x200002b4   0x00000021   Zero   RW          592    .bss                usart2.o
    0x200002d5   0x00000003   PAD
    0x200002d8   0x00000400   Zero   RW          966    STACK               startup_stm32f427xx.o


==============================================================================

Image component sizes


      Code (inc. data)   RO Data    RW Data    ZI Data      Debug   Object Name

       800         92          0          0          0       1577   app.o
       304         14          0          1          0       1050   can1.o
       280         14          0          0          0        820   can2.o
        54          0          0          0          0        760   delay.o
       100          8          0          0          0        496   led.o
      2688        460         80         36          0     209721   main.o
       228         22          0          0          0       1757   misc.o
       436         18          0          0          0        772   pwm.o
      3056        316          0        200          0       6448   rm3510.o
      2456        250          0        228          0       5179   rm_6623py.o
        36          8        428          0       1024        784   startup_stm32f427xx.o
      2536         36          0          0          0       7904   stm32f4xx_can.o
       932         32          0          0          0       6233   stm32f4xx_dma.o
       604         36          0          0          0       4005   stm32f4xx_gpio.o
        30          0          0          0          0     281106   stm32f4xx_it.o
      1416         48          0         16          0      10855   stm32f4xx_rcc.o
      3234         60          0          0          0      22236   stm32f4xx_tim.o
      1050         26          0          0          0       7708   stm32f4xx_usart.o
       448         38          0         20          0       1719   system_stm32f4xx.o
       356         38          0         12          0       1199   timer6.o
       852        106          0         42         88       2583   usart1.o
       928         70          0         40         33       1684   usart2.o
       280         14          0          1          0       1337   usart3.o

    ----------------------------------------------------------------------
     23112       1706        540        600       1148     577933   Object Totals
         0          0         32          0          0          0   (incl. Generated)
         8          0          0          4          3          0   (incl. Padding)

    ----------------------------------------------------------------------

      Code (inc. data)   RO Data    RW Data    ZI Data      Debug   Library Member Name

        92          0          0          0          0          0   __dczerorl2.o
         0          0          0          0          0          0   entry.o
         0          0          0          0          0          0   entry10a.o
         0          0          0          0          0          0   entry11a.o
         8          4          0          0          0          0   entry2.o
         4          0          0          0          0          0   entry5.o
         0          0          0          0          0          0   entry7b.o
         0          0          0          0          0          0   entry8b.o
         8          4          0          0          0          0   entry9a.o
        30          0          0          0          0          0   handlers.o
        36          8          0          0          0         68   init.o
         0          0          0          0          0          0   iusefp.o
        30          0          0          0          0         68   llshl.o
        36          0          0          0          0         68   llsshr.o
        32          0          0          0          0         68   llushr.o
      2242         90          0          0          0        444   printfa.o
         0          0          0          4          0          0   stdout.o
        44          0          0          0          0         80   uidiv.o
        98          0          0          0          0         92   uldiv.o
        40          2          0          0          0         68   cdcmple.o
        40          2          0          0          0         68   cdrcmple.o
        56          0          0          0          0         88   d2f.o
       334          0          0          0          0        144   dadd.o
       222          0          0          0          0        100   ddiv.o
       190          0          0          0          0        176   depilogue.o
        62          0          0          0          0         80   dfixi.o
        48          0          0          0          0         68   dfixul.o
        34          0          0          0          0         76   dflti.o
       228          0          0          0          0         92   dmul.o
        38          0          0          0          0         68   f2d.o
       108          0          0          0          0        168   fepilogue.o

    ----------------------------------------------------------------------
      4068        110          0          4          0       2084   Library Totals
         8          0          0          0          0          0   (incl. Padding)

    ----------------------------------------------------------------------

      Code (inc. data)   RO Data    RW Data    ZI Data      Debug   Library Name

      2660        106          0          4          0        888   mc_w.l
      1400          4          0          0          0       1196   mf_w.l

    ----------------------------------------------------------------------
      4068        110          0          4          0       2084   Library Totals

    ----------------------------------------------------------------------

==============================================================================


      Code (inc. data)   RO Data    RW Data    ZI Data      Debug   

     27180       1816        540        604       1148     575277   Grand Totals
     27180       1816        540        112       1148     575277   ELF Image Totals (compressed)
     27180       1816        540        112          0          0   ROM Totals

==============================================================================

    Total RO  Size (Code + RO Data)                27720 (  27.07kB)
    Total RW  Size (RW Data + ZI Data)              1752 (   1.71kB)
    Total ROM Size (Code + RO Data + RW Data)      27832 (  27.18kB)

==============================================================================

